MO mux2to1 NULL "E:\Programming\Colg - Sem V\Colg-Sem-V\DVLSI\8\Project - Files\exp8/mux2to1.v" vlg20/mux2to1.bin 1699296923
MO mux4to1 NULL "E:\Programming\Colg - Sem V\Colg-Sem-V\DVLSI\8\Project - Files\exp8/mux4to1.v" vlg1A/mux4to1.bin 1699296923
MO glbl NULL E:/DVLSI/Xilinx/verilog/src/glbl.v vlg2D/glbl.bin 1699296923
MO test_v NULL "E:\Programming\Colg - Sem V\Colg-Sem-V\DVLSI\8\Project - Files\exp8/test.v" vlg65/test__v.bin 1699296923
MO mux8to1 NULL "E:\Programming\Colg - Sem V\Colg-Sem-V\DVLSI\8\Project - Files\exp8/mux8to1.v" vlg0E/mux8to1.bin 1699296923
