MO exp7test_v NULL "E:\Programming\Colg - Sem V\Colg-Sem-V\DVLSI\7\Project - Files\exp7/exp7test.v" vlg55/exp7test__v.bin 1699270831
MO glbl NULL E:/DVLSI/Xilinx/verilog/src/glbl.v vlg2D/glbl.bin 1699270766
MO exp7source NULL "E:\Programming\Colg - Sem V\Colg-Sem-V\DVLSI\7\Project - Files\exp7/exp7source.v" vlg55/exp7source.bin 1699271553
